  MODIFIERS
  null
  MODIFIERS
  null
  MODIFIERS
  null
  MODIFIERS
  null
  MODIFIERS
  null
  METHOD
    MODIFIERS
    null
    ANNOTATED_TYPE
      null
    BLOCK
      EXPRESSION_STATEMENT
        METHOD_INVOCATION
          IDENTIFIER super
  METHOD
    MODIFIERS
    PRIMITIVE_TYPE
    ANNOTATED_TYPE
      null
    BLOCK
      VARIABLE
        MODIFIERS
          ANNOTATION
            IDENTIFIER A
        ANNOTATED_TYPE
          ANNOTATION
            IDENTIFIER D
          ARRAY_TYPE
            ANNOTATED_TYPE
              ANNOTATION
                IDENTIFIER C
              ARRAY_TYPE
                ANNOTATED_TYPE
                  ANNOTATION
                    IDENTIFIER B
                  ARRAY_TYPE
                    ANNOTATED_TYPE
                      IDENTIFIER String
        null
      VARIABLE
        MODIFIERS
        ARRAY_TYPE
          ANNOTATED_TYPE
            ANNOTATION
              IDENTIFIER B
            ARRAY_TYPE
              ANNOTATED_TYPE
                ANNOTATION
                  IDENTIFIER D
                ARRAY_TYPE
                  ANNOTATED_TYPE
                    ANNOTATION
                      IDENTIFIER C
                    PARAMETERIZED_TYPE
                      IDENTIFIER List
                      ANNOTATED_TYPE
                        ANNOTATION
                          IDENTIFIER D
                        ARRAY_TYPE
                          ANNOTATED_TYPE
                            ANNOTATION
                              IDENTIFIER C
                            ARRAY_TYPE
                              ANNOTATED_TYPE
                                ANNOTATION
                                  IDENTIFIER B
                                ARRAY_TYPE
                                  ANNOTATED_TYPE
                                    ANNOTATION
                                      IDENTIFIER A
                                    IDENTIFIER String
        null
      VARIABLE
        MODIFIERS
        IDENTIFIER Object
        NEW_ARRAY @C() | 
          ANNOTATED_TYPE
            ANNOTATION
              IDENTIFIER B
            ARRAY_TYPE
              ARRAY_TYPE
                ANNOTATED_TYPE
                  ANNOTATION
                    IDENTIFIER B
                  ANNOTATED_TYPE
                    ANNOTATION
                      IDENTIFIER A
                    PRIMITIVE_TYPE
          NULL_LITERAL null
      VARIABLE
        MODIFIERS
        IDENTIFIER Object
        NEW_ARRAY @C() | 
          ANNOTATED_TYPE
            ANNOTATION
              IDENTIFIER B
            ARRAY_TYPE
              ARRAY_TYPE
                ANNOTATED_TYPE
                  ANNOTATION
                    IDENTIFIER B
                  ANNOTATED_TYPE
                    ANNOTATION
                      IDENTIFIER A
                    IDENTIFIER String
          NULL_LITERAL null
      VARIABLE
        MODIFIERS
        IDENTIFIER Object
        NEW_ARRAY  | @B(),@C(),@D()
          ANNOTATED_TYPE
            ANNOTATION
              IDENTIFIER A
            PRIMITIVE_TYPE
          INT_LITERAL 1
          INT_LITERAL 2
          INT_LITERAL 3
      VARIABLE
        MODIFIERS
        IDENTIFIER Object
        NEW_ARRAY  | @B(),@C(),@D()
          ANNOTATED_TYPE
            ANNOTATION
              IDENTIFIER A
            IDENTIFIER String
          INT_LITERAL 1
          INT_LITERAL 2
          INT_LITERAL 3
      VARIABLE
        MODIFIERS
        IDENTIFIER Object
        NEW_ARRAY  | @B()
          ARRAY_TYPE
            ANNOTATED_TYPE
              ANNOTATION
                IDENTIFIER D
              ARRAY_TYPE
                ANNOTATED_TYPE
                  ANNOTATION
                    IDENTIFIER C
                  ANNOTATED_TYPE
                    ANNOTATION
                      IDENTIFIER A
                    PRIMITIVE_TYPE
          INT_LITERAL 1
      VARIABLE
        MODIFIERS
        IDENTIFIER Object
        NEW_ARRAY  | @B()
          ARRAY_TYPE
            ANNOTATED_TYPE
              ANNOTATION
                IDENTIFIER D
              ARRAY_TYPE
                ANNOTATED_TYPE
                  ANNOTATION
                    IDENTIFIER C
                  ANNOTATED_TYPE
                    ANNOTATION
                      IDENTIFIER A
                    IDENTIFIER String
          INT_LITERAL 1
      VARIABLE
        MODIFIERS
        PARAMETERIZED_TYPE
          IDENTIFIER Class
          UNBOUNDED_WILDCARD
            null
        MEMBER_SELECT @A() int[@C()][@B()].class
          ANNOTATED_TYPE
            ANNOTATION
              IDENTIFIER C
            ARRAY_TYPE
              ANNOTATED_TYPE
                ANNOTATION
                  IDENTIFIER B
                ARRAY_TYPE
                  ANNOTATED_TYPE
                    ANNOTATION
                      IDENTIFIER A
                    PRIMITIVE_TYPE
  METHOD
    MODIFIERS
    PRIMITIVE_TYPE
    VARIABLE
      MODIFIERS
        ANNOTATION
          IDENTIFIER A
      ANNOTATED_TYPE
        ANNOTATION
          IDENTIFIER B
        ARRAY_TYPE
          ANNOTATED_TYPE
            IDENTIFIER Object
      null
    ANNOTATED_TYPE
      null
    BLOCK
