  MODIFIERS
  null
  MODIFIERS
  null
  MODIFIERS
  null
  MODIFIERS
  null
  MODIFIERS
  null
  METHOD
    MODIFIERS
    null
    ANNOTATED_TYPE
      null
    BLOCK
      EXPRESSION_STATEMENT
        METHOD_INVOCATION
          IDENTIFIER super
  METHOD
    MODIFIERS
    PRIMITIVE_TYPE
    ANNOTATED_TYPE
      null
    BLOCK
      VARIABLE
        MODIFIERS
          ANNOTATION
            IDENTIFIER A
        ANNOTATED_TYPE
          ARRAY_TYPE
            ANNOTATED_TYPE
              ANNOTATION
                IDENTIFIER B
              ARRAY_TYPE
                ANNOTATED_TYPE
                  ANNOTATION
                    IDENTIFIER C
                  ARRAY_TYPE
                    ANNOTATED_TYPE
                      ANNOTATION
                        IDENTIFIER D
                      IDENTIFIER String
        null
      VARIABLE
        MODIFIERS
        ARRAY_TYPE
          ANNOTATED_TYPE
            ANNOTATION
              IDENTIFIER B
            ARRAY_TYPE
              ANNOTATED_TYPE
                ANNOTATION
                  IDENTIFIER C
                ARRAY_TYPE
                  ANNOTATED_TYPE
                    ANNOTATION
                      IDENTIFIER D
                    PARAMETERIZED_TYPE
                      IDENTIFIER List
                      ANNOTATED_TYPE
                        ANNOTATION
                          IDENTIFIER A
                        ARRAY_TYPE
                          ANNOTATED_TYPE
                            ANNOTATION
                              IDENTIFIER B
                            ARRAY_TYPE
                              ANNOTATED_TYPE
                                ANNOTATION
                                  IDENTIFIER C
                                ARRAY_TYPE
                                  ANNOTATED_TYPE
                                    ANNOTATION
                                      IDENTIFIER D
                                    IDENTIFIER String
        null
      VARIABLE
        MODIFIERS
        IDENTIFIER Object
        NEW_ARRAY @A() | 
          ANNOTATED_TYPE
            ANNOTATION
              IDENTIFIER B
            ARRAY_TYPE
              ANNOTATED_TYPE
                ANNOTATION
                  IDENTIFIER C
                ARRAY_TYPE
                  ANNOTATED_TYPE
                    ANNOTATION
                      IDENTIFIER D
                    PRIMITIVE_TYPE
          NULL_LITERAL null
      VARIABLE
        MODIFIERS
        IDENTIFIER Object
        NEW_ARRAY @A() | 
          ANNOTATED_TYPE
            ANNOTATION
              IDENTIFIER B
            ARRAY_TYPE
              ANNOTATED_TYPE
                ANNOTATION
                  IDENTIFIER C
                ARRAY_TYPE
                  ANNOTATED_TYPE
                    ANNOTATION
                      IDENTIFIER D
                    IDENTIFIER String
          NULL_LITERAL null
      VARIABLE
        MODIFIERS
        IDENTIFIER Object
        NEW_ARRAY @A() | @B(),@C(),@D()
          PRIMITIVE_TYPE
          INT_LITERAL 1
          INT_LITERAL 2
          INT_LITERAL 3
      VARIABLE
        MODIFIERS
        IDENTIFIER Object
        NEW_ARRAY @A() | @B(),@C(),@D()
          IDENTIFIER String
          INT_LITERAL 1
          INT_LITERAL 2
          INT_LITERAL 3
      VARIABLE
        MODIFIERS
        IDENTIFIER Object
        NEW_ARRAY @A() | @B()
          ARRAY_TYPE
            ANNOTATED_TYPE
              ANNOTATION
                IDENTIFIER C
              ARRAY_TYPE
                ANNOTATED_TYPE
                  ANNOTATION
                    IDENTIFIER D
                  PRIMITIVE_TYPE
          INT_LITERAL 1
      VARIABLE
        MODIFIERS
        IDENTIFIER Object
        NEW_ARRAY @A() | @B()
          ARRAY_TYPE
            ANNOTATED_TYPE
              ANNOTATION
                IDENTIFIER C
              ARRAY_TYPE
                ANNOTATED_TYPE
                  ANNOTATION
                    IDENTIFIER D
                  IDENTIFIER String
          INT_LITERAL 1
      VARIABLE
        MODIFIERS
        PARAMETERIZED_TYPE
          IDENTIFIER Class
          UNBOUNDED_WILDCARD
            null
        MEMBER_SELECT @A() int[@B()][@C()].class
          ANNOTATED_TYPE
            ANNOTATION
              IDENTIFIER A
            ARRAY_TYPE
              ANNOTATED_TYPE
                ANNOTATION
                  IDENTIFIER B
                ARRAY_TYPE
                  ANNOTATED_TYPE
                    ANNOTATION
                      IDENTIFIER C
                    PRIMITIVE_TYPE
  METHOD
    MODIFIERS
    PRIMITIVE_TYPE
    VARIABLE
      MODIFIERS
        ANNOTATION
          IDENTIFIER A
      ARRAY_TYPE
        ANNOTATED_TYPE
          ANNOTATION
            IDENTIFIER B
          ANNOTATED_TYPE
            IDENTIFIER Object
      null
    ANNOTATED_TYPE
      null
    BLOCK
